3.000000000
4.600000000
-300.000000000
1111111.021000000
